// Jest Snapshot v1, https://goo.gl/fbAQLP

exports[`<ProductTitle /> Renders a ProductTitle 1`] = `
<h1
  className="ProductTitle__PT-iIqmTV bAjZGN"
>
  TEST
</h1>
`;
