// Jest Snapshot v1, https://goo.gl/fbAQLP

exports[`<LogToggle /> Renders a MegaLogoBase 1`] = `
<div
  className="LogToggle__LT-bRttfU dlmwTd"
>
  THIS IS THE LOG TOGGLE
</div>
`;
