// Jest Snapshot v1, https://goo.gl/fbAQLP

exports[`<NameBox /> Renders a FormComponent 1`] = `
<form
  className="FormComponent__FC-jRyaDy hZINgg"
  onSubmit={[Function]}
/>
`;
