// Jest Snapshot v1, https://goo.gl/fbAQLP

exports[`<NotFoundComponent /> Renders a NotFoundComponent 1`] = `
<div
  className="Not-bJJsFZ hKjuvT"
>
  Looks like the page you were looking for celebrated a litle too hard and has disapeared.
</div>
`;
